// Jest Snapshot v1, https://goo.gl/fbAQLP

exports[`TodoListContainer renders 1`] = `
<_default
  createItem={[Function]}
  items={
    Array [
      Object {
        "done": true,
        "id": "mock",
        "text": "Test",
      },
    ]
  }
  onItemClick={[Function]}
/>
`;
