// Jest Snapshot v1, https://goo.gl/fbAQLP

exports[`StatefulTodoListComponent renders 1`] = `
<TodoListComponent
  createItem={[Function]}
  items={
    Array [
      Object {
        "done": true,
        "id": "default",
        "text": "Create pure React example",
      },
    ]
  }
  onItemClick={[Function]}
/>
`;
